// Vitest Snapshot v1, https://vitest.dev/guide/snapshot.html

exports[`IndexList > IndexList初期値が反映されていること 1`] = `
{
  "asFragment": [Function],
  "baseElement": <body>
    <div>
      <div
        class="IndexList_styles_indexList__18ljzhv1"
      >
        <div
          class="IndexList_styles_indexListBox__18ljzhv2"
        >
          <h3
            class="IndexList_styles_baseHeading3IndexList__18ljzhv0"
          >
            Index
          </h3>
          <ul>
            <li
              class="IndexList_styles_indexListItemBox__18ljzhv3"
            >
              <button
                data-testid="targetIndexListItem1"
              >
                この文章はダミーです。
              </button>
            </li>
            <li
              class="IndexList_styles_indexListItemBox__18ljzhv3"
            >
              <button
                data-testid="targetIndexListItem2"
              >
                この文章はダミーです。
              </button>
            </li>
            <li
              class="IndexList_styles_indexListItemBox__18ljzhv3"
            >
              <button
                data-testid="targetIndexListItem3"
              >
                この文章はダミーです。
              </button>
            </li>
            <li
              class="IndexList_styles_indexListItemBox__18ljzhv3"
            >
              <button
                data-testid="targetIndexListItem4"
              >
                この文章はダミーです。
              </button>
            </li>
            <li
              class="IndexList_styles_indexListItemBox__18ljzhv3"
            >
              <button
                data-testid="targetIndexListItem5"
              >
                この文章はダミーです。
              </button>
            </li>
          </ul>
        </div>
      </div>
    </div>
  </body>,
  "container": <div>
    <div
      class="IndexList_styles_indexList__18ljzhv1"
    >
      <div
        class="IndexList_styles_indexListBox__18ljzhv2"
      >
        <h3
          class="IndexList_styles_baseHeading3IndexList__18ljzhv0"
        >
          Index
        </h3>
        <ul>
          <li
            class="IndexList_styles_indexListItemBox__18ljzhv3"
          >
            <button
              data-testid="targetIndexListItem1"
            >
              この文章はダミーです。
            </button>
          </li>
          <li
            class="IndexList_styles_indexListItemBox__18ljzhv3"
          >
            <button
              data-testid="targetIndexListItem2"
            >
              この文章はダミーです。
            </button>
          </li>
          <li
            class="IndexList_styles_indexListItemBox__18ljzhv3"
          >
            <button
              data-testid="targetIndexListItem3"
            >
              この文章はダミーです。
            </button>
          </li>
          <li
            class="IndexList_styles_indexListItemBox__18ljzhv3"
          >
            <button
              data-testid="targetIndexListItem4"
            >
              この文章はダミーです。
            </button>
          </li>
          <li
            class="IndexList_styles_indexListItemBox__18ljzhv3"
          >
            <button
              data-testid="targetIndexListItem5"
            >
              この文章はダミーです。
            </button>
          </li>
        </ul>
      </div>
    </div>
  </div>,
  "debug": [Function],
  "findAllByAltText": [Function],
  "findAllByDisplayValue": [Function],
  "findAllByLabelText": [Function],
  "findAllByPlaceholderText": [Function],
  "findAllByRole": [Function],
  "findAllByTestId": [Function],
  "findAllByText": [Function],
  "findAllByTitle": [Function],
  "findByAltText": [Function],
  "findByDisplayValue": [Function],
  "findByLabelText": [Function],
  "findByPlaceholderText": [Function],
  "findByRole": [Function],
  "findByTestId": [Function],
  "findByText": [Function],
  "findByTitle": [Function],
  "getAllByAltText": [Function],
  "getAllByDisplayValue": [Function],
  "getAllByLabelText": [Function],
  "getAllByPlaceholderText": [Function],
  "getAllByRole": [Function],
  "getAllByTestId": [Function],
  "getAllByText": [Function],
  "getAllByTitle": [Function],
  "getByAltText": [Function],
  "getByDisplayValue": [Function],
  "getByLabelText": [Function],
  "getByPlaceholderText": [Function],
  "getByRole": [Function],
  "getByTestId": [Function],
  "getByText": [Function],
  "getByTitle": [Function],
  "queryAllByAltText": [Function],
  "queryAllByDisplayValue": [Function],
  "queryAllByLabelText": [Function],
  "queryAllByPlaceholderText": [Function],
  "queryAllByRole": [Function],
  "queryAllByTestId": [Function],
  "queryAllByText": [Function],
  "queryAllByTitle": [Function],
  "queryByAltText": [Function],
  "queryByDisplayValue": [Function],
  "queryByLabelText": [Function],
  "queryByPlaceholderText": [Function],
  "queryByRole": [Function],
  "queryByTestId": [Function],
  "queryByText": [Function],
  "queryByTitle": [Function],
  "rerender": [Function],
  "unmount": [Function],
}
`;

exports[`IndexList > クリックされた時にchangeStateが発火すること 1`] = `
{
  "asFragment": [Function],
  "baseElement": <body>
    <div>
      <div
        class="IndexList_styles_indexList__18ljzhv1"
      >
        <div
          class="IndexList_styles_indexListBox__18ljzhv2"
        >
          <h3
            class="IndexList_styles_baseHeading3IndexList__18ljzhv0"
          >
            Index
          </h3>
          <ul>
            <li
              class="IndexList_styles_indexListItemBox__18ljzhv3"
            >
              <button
                data-testid="targetIndexListItem1"
              >
                この文章はダミーです。
              </button>
            </li>
            <li
              class="IndexList_styles_indexListItemBox__18ljzhv3"
            >
              <button
                data-testid="targetIndexListItem2"
              >
                この文章はダミーです。
              </button>
            </li>
            <li
              class="IndexList_styles_indexListItemBox__18ljzhv3"
            >
              <button
                data-testid="targetIndexListItem3"
              >
                この文章はダミーです。
              </button>
            </li>
            <li
              class="IndexList_styles_indexListItemBox__18ljzhv3"
            >
              <button
                data-testid="targetIndexListItem4"
              >
                この文章はダミーです。
              </button>
            </li>
            <li
              class="IndexList_styles_indexListItemBox__18ljzhv3"
            >
              <button
                data-testid="targetIndexListItem5"
              >
                この文章はダミーです。
              </button>
            </li>
          </ul>
        </div>
      </div>
    </div>
  </body>,
  "container": <div>
    <div
      class="IndexList_styles_indexList__18ljzhv1"
    >
      <div
        class="IndexList_styles_indexListBox__18ljzhv2"
      >
        <h3
          class="IndexList_styles_baseHeading3IndexList__18ljzhv0"
        >
          Index
        </h3>
        <ul>
          <li
            class="IndexList_styles_indexListItemBox__18ljzhv3"
          >
            <button
              data-testid="targetIndexListItem1"
            >
              この文章はダミーです。
            </button>
          </li>
          <li
            class="IndexList_styles_indexListItemBox__18ljzhv3"
          >
            <button
              data-testid="targetIndexListItem2"
            >
              この文章はダミーです。
            </button>
          </li>
          <li
            class="IndexList_styles_indexListItemBox__18ljzhv3"
          >
            <button
              data-testid="targetIndexListItem3"
            >
              この文章はダミーです。
            </button>
          </li>
          <li
            class="IndexList_styles_indexListItemBox__18ljzhv3"
          >
            <button
              data-testid="targetIndexListItem4"
            >
              この文章はダミーです。
            </button>
          </li>
          <li
            class="IndexList_styles_indexListItemBox__18ljzhv3"
          >
            <button
              data-testid="targetIndexListItem5"
            >
              この文章はダミーです。
            </button>
          </li>
        </ul>
      </div>
    </div>
  </div>,
  "debug": [Function],
  "findAllByAltText": [Function],
  "findAllByDisplayValue": [Function],
  "findAllByLabelText": [Function],
  "findAllByPlaceholderText": [Function],
  "findAllByRole": [Function],
  "findAllByTestId": [Function],
  "findAllByText": [Function],
  "findAllByTitle": [Function],
  "findByAltText": [Function],
  "findByDisplayValue": [Function],
  "findByLabelText": [Function],
  "findByPlaceholderText": [Function],
  "findByRole": [Function],
  "findByTestId": [Function],
  "findByText": [Function],
  "findByTitle": [Function],
  "getAllByAltText": [Function],
  "getAllByDisplayValue": [Function],
  "getAllByLabelText": [Function],
  "getAllByPlaceholderText": [Function],
  "getAllByRole": [Function],
  "getAllByTestId": [Function],
  "getAllByText": [Function],
  "getAllByTitle": [Function],
  "getByAltText": [Function],
  "getByDisplayValue": [Function],
  "getByLabelText": [Function],
  "getByPlaceholderText": [Function],
  "getByRole": [Function],
  "getByTestId": [Function],
  "getByText": [Function],
  "getByTitle": [Function],
  "queryAllByAltText": [Function],
  "queryAllByDisplayValue": [Function],
  "queryAllByLabelText": [Function],
  "queryAllByPlaceholderText": [Function],
  "queryAllByRole": [Function],
  "queryAllByTestId": [Function],
  "queryAllByText": [Function],
  "queryAllByTitle": [Function],
  "queryByAltText": [Function],
  "queryByDisplayValue": [Function],
  "queryByLabelText": [Function],
  "queryByPlaceholderText": [Function],
  "queryByRole": [Function],
  "queryByTestId": [Function],
  "queryByText": [Function],
  "queryByTitle": [Function],
  "rerender": [Function],
  "unmount": [Function],
}
`;
